============================= test session starts =============================
platform win32 -- Python 3.12.6, pytest-8.4.1, pluggy-1.6.0
rootdir: E:\Sweet_Shop_Management_System-main\Sweet_Shop_Management_System-main
plugins: anyio-4.11.0
collected 9 items

tests\test_sweet_shop.py .........                                       [100%]

============================== 9 passed in 0.04s ==============================
